Product: MDK-ARM Professional 5.10
Component: ARM Compiler 5.04 update 1 (build 49)
Tool: armlink [5040049]

==============================================================================

Section Cross References

    startup_stm32f10x_hd.o(RESET) refers to startup_stm32f10x_hd.o(STACK) for __initial_sp
    startup_stm32f10x_hd.o(RESET) refers to startup_stm32f10x_hd.o(.text) for Reset_Handler
    startup_stm32f10x_hd.o(RESET) refers to stm32f10x_it.o(.text) for NMI_Handler
    startup_stm32f10x_hd.o(RESET) refers to main.o(.text) for TIM2_IRQHandler
    startup_stm32f10x_hd.o(.text) refers to system_stm32f10x.o(.text) for SystemInit
    startup_stm32f10x_hd.o(.text) refers to entry.o(.ARM.Collect$$$$00000000) for __main
    system_stm32f10x.o(.text) refers to system_stm32f10x.o(.data) for SystemCoreClock
    stm32f10x_adc.o(.text) refers to stm32f10x_rcc.o(.text) for RCC_APB2PeriphResetCmd
    stm32f10x_bkp.o(.text) refers to stm32f10x_rcc.o(.text) for RCC_BackupResetCmd
    stm32f10x_can.o(.text) refers to stm32f10x_rcc.o(.text) for RCC_APB1PeriphResetCmd
    stm32f10x_cec.o(.text) refers to stm32f10x_rcc.o(.text) for RCC_APB1PeriphResetCmd
    stm32f10x_dac.o(.text) refers to stm32f10x_rcc.o(.text) for RCC_APB1PeriphResetCmd
    stm32f10x_gpio.o(.text) refers to stm32f10x_rcc.o(.text) for RCC_APB2PeriphResetCmd
    stm32f10x_i2c.o(.text) refers to stm32f10x_rcc.o(.text) for RCC_APB1PeriphResetCmd
    stm32f10x_pwr.o(.text) refers to stm32f10x_rcc.o(.text) for RCC_APB1PeriphResetCmd
    stm32f10x_rcc.o(.text) refers to stm32f10x_rcc.o(.data) for APBAHBPrescTable
    stm32f10x_spi.o(.text) refers to stm32f10x_rcc.o(.text) for RCC_APB2PeriphResetCmd
    stm32f10x_tim.o(.text) refers to stm32f10x_rcc.o(.text) for RCC_APB2PeriphResetCmd
    stm32f10x_usart.o(.text) refers to stm32f10x_rcc.o(.text) for RCC_APB2PeriphResetCmd
    stm32f10x_wwdg.o(.text) refers to stm32f10x_rcc.o(.text) for RCC_APB1PeriphResetCmd
    main.o(.text) refers to system_stm32f10x.o(.text) for SystemInit
    main.o(.text) refers to bsp_usart1.o(.text) for USART1_Config
    main.o(.text) refers to bsp_spi.o(.text) for SPI_SPI2_Config
    main.o(.text) refers to bsp_41908.o(.text) for MS_Config
    main.o(.text) refers to bsp_exti.o(.text) for EXTI_IO_Config
    main.o(.text) refers to bsp_timbase.o(.text) for TIM2_Configuration
    main.o(.text) refers to stm32f10x_rcc.o(.text) for RCC_APB1PeriphClockCmd
    main.o(.text) refers to stm32f10x_tim.o(.text) for TIM_GetITStatus
    main.o(.text) refers to stm32f10x_gpio.o(.text) for GPIO_SetBits
    main.o(.text) refers to stm32f10x_exti.o(.text) for EXTI_GetITStatus
    main.o(.text) refers to system_stm32f10x.o(.data) for SystemCoreClock
    main.o(.text) refers to main.o(.data) for INCTCD_num
    stm32f10x_it.o(.text) refers to stm32f10x_it.o(.data) for cnt
    stm32f10x_it.o(.text) refers to main.o(.data) for flag_reverse
    bsp_usart1.o(.text) refers to stm32f10x_rcc.o(.text) for RCC_APB2PeriphClockCmd
    bsp_usart1.o(.text) refers to stm32f10x_gpio.o(.text) for GPIO_Init
    bsp_usart1.o(.text) refers to stm32f10x_usart.o(.text) for USART_Init
    bsp_usart1.o(.text) refers to stm32f10x_dma.o(.text) for DMA_Init
    bsp_usart1.o(.text) refers to bsp_usart1.o(.bss) for SendBuff
    bsp_spi.o(.text) refers to stm32f10x_spi.o(.text) for SPI_I2S_GetFlagStatus
    bsp_spi.o(.text) refers to stm32f10x_gpio.o(.text) for GPIO_SetBits
    bsp_spi.o(.text) refers to stm32f10x_rcc.o(.text) for RCC_APB1PeriphClockCmd
    bsp_41908.o(.text) refers to stm32f10x_rcc.o(.text) for RCC_APB2PeriphClockCmd
    bsp_41908.o(.text) refers to stm32f10x_gpio.o(.text) for GPIO_Init
    bsp_41908.o(.text) refers to bsp_spi.o(.text) for Spi_Write
    bsp_timbase.o(.text) refers to misc.o(.text) for NVIC_PriorityGroupConfig
    bsp_timbase.o(.text) refers to stm32f10x_rcc.o(.text) for RCC_APB1PeriphClockCmd
    bsp_timbase.o(.text) refers to stm32f10x_tim.o(.text) for TIM_TimeBaseInit
    bsp_exti.o(.text) refers to misc.o(.text) for NVIC_PriorityGroupConfig
    bsp_exti.o(.text) refers to stm32f10x_rcc.o(.text) for RCC_APB2PeriphClockCmd
    bsp_exti.o(.text) refers to stm32f10x_gpio.o(.text) for GPIO_Init
    bsp_exti.o(.text) refers to stm32f10x_exti.o(.text) for EXTI_Init
    entry.o(.ARM.Collect$$$$00000000) refers (Special) to entry10a.o(.ARM.Collect$$$$0000000D) for __rt_final_cpp
    entry.o(.ARM.Collect$$$$00000000) refers (Special) to entry11a.o(.ARM.Collect$$$$0000000F) for __rt_final_exit
    entry.o(.ARM.Collect$$$$00000000) refers (Special) to entry7b.o(.ARM.Collect$$$$00000008) for _main_clock
    entry.o(.ARM.Collect$$$$00000000) refers (Special) to entry8b.o(.ARM.Collect$$$$0000000A) for _main_cpp_init
    entry.o(.ARM.Collect$$$$00000000) refers (Special) to entry9a.o(.ARM.Collect$$$$0000000B) for _main_init
    entry.o(.ARM.Collect$$$$00000000) refers (Special) to entry5.o(.ARM.Collect$$$$00000004) for _main_scatterload
    entry.o(.ARM.Collect$$$$00000000) refers (Special) to entry2.o(.ARM.Collect$$$$00000001) for _main_stk
    entry2.o(.ARM.Collect$$$$00000001) refers to entry2.o(.ARM.Collect$$$$00002712) for __lit__00000000
    entry2.o(.ARM.Collect$$$$00002712) refers to startup_stm32f10x_hd.o(STACK) for __initial_sp
    entry2.o(__vectab_stack_and_reset_area) refers to startup_stm32f10x_hd.o(STACK) for __initial_sp
    entry2.o(__vectab_stack_and_reset_area) refers to entry.o(.ARM.Collect$$$$00000000) for __main
    entry5.o(.ARM.Collect$$$$00000004) refers to init.o(.text) for __scatterload
    entry9a.o(.ARM.Collect$$$$0000000B) refers to main.o(.text) for main
    entry9b.o(.ARM.Collect$$$$0000000C) refers to main.o(.text) for main
    init.o(.text) refers to entry5.o(.ARM.Collect$$$$00000004) for __main_after_scatterload


==============================================================================

Removing Unused input sections from the image.

    Removing startup_stm32f10x_hd.o(HEAP), (512 bytes).
    Removing core_cm3.o(.emb_text), (32 bytes).
    Removing stm32f10x_adc.o(.text), (1102 bytes).
    Removing stm32f10x_bkp.o(.text), (196 bytes).
    Removing stm32f10x_can.o(.text), (2544 bytes).
    Removing stm32f10x_cec.o(.text), (288 bytes).
    Removing stm32f10x_crc.o(.text), (72 bytes).
    Removing stm32f10x_dac.o(.text), (396 bytes).
    Removing stm32f10x_dbgmcu.o(.text), (48 bytes).
    Removing stm32f10x_flash.o(.text), (1468 bytes).
    Removing stm32f10x_fsmc.o(.text), (1548 bytes).
    Removing stm32f10x_i2c.o(.text), (1028 bytes).
    Removing stm32f10x_iwdg.o(.text), (64 bytes).
    Removing stm32f10x_pwr.o(.text), (204 bytes).
    Removing stm32f10x_rtc.o(.text), (328 bytes).
    Removing stm32f10x_sdio.o(.text), (468 bytes).
    Removing stm32f10x_wwdg.o(.text), (136 bytes).

17 unused section(s) (total 10434 bytes) removed from the image.

==============================================================================

Image Symbol Table

    Local Symbols

    Symbol Name                              Value     Ov Type        Size  Object(Section)

    ../clib/microlib/init/entry.s            0x00000000   Number         0  entry8a.o ABSOLUTE
    ../clib/microlib/init/entry.s            0x00000000   Number         0  entry11a.o ABSOLUTE
    ../clib/microlib/init/entry.s            0x00000000   Number         0  entry7b.o ABSOLUTE
    ../clib/microlib/init/entry.s            0x00000000   Number         0  entry7a.o ABSOLUTE
    ../clib/microlib/init/entry.s            0x00000000   Number         0  entry5.o ABSOLUTE
    ../clib/microlib/init/entry.s            0x00000000   Number         0  entry9b.o ABSOLUTE
    ../clib/microlib/init/entry.s            0x00000000   Number         0  entry2.o ABSOLUTE
    ../clib/microlib/init/entry.s            0x00000000   Number         0  entry11b.o ABSOLUTE
    ../clib/microlib/init/entry.s            0x00000000   Number         0  entry.o ABSOLUTE
    ../clib/microlib/init/entry.s            0x00000000   Number         0  entry10b.o ABSOLUTE
    ../clib/microlib/init/entry.s            0x00000000   Number         0  entry10a.o ABSOLUTE
    ../clib/microlib/init/entry.s            0x00000000   Number         0  entry9a.o ABSOLUTE
    ../clib/microlib/init/entry.s            0x00000000   Number         0  entry8b.o ABSOLUTE
    ..\..\Libraries\CMSIS\core_cm3.c         0x00000000   Number         0  core_cm3.o ABSOLUTE
    ..\..\Libraries\CMSIS\startup\startup_stm32f10x_hd.s 0x00000000   Number         0  startup_stm32f10x_hd.o ABSOLUTE
    ..\..\Libraries\CMSIS\system_stm32f10x.c 0x00000000   Number         0  system_stm32f10x.o ABSOLUTE
    ..\..\Libraries\FWlib\src\misc.c         0x00000000   Number         0  misc.o ABSOLUTE
    ..\..\Libraries\FWlib\src\stm32f10x_adc.c 0x00000000   Number         0  stm32f10x_adc.o ABSOLUTE
    ..\..\Libraries\FWlib\src\stm32f10x_bkp.c 0x00000000   Number         0  stm32f10x_bkp.o ABSOLUTE
    ..\..\Libraries\FWlib\src\stm32f10x_can.c 0x00000000   Number         0  stm32f10x_can.o ABSOLUTE
    ..\..\Libraries\FWlib\src\stm32f10x_cec.c 0x00000000   Number         0  stm32f10x_cec.o ABSOLUTE
    ..\..\Libraries\FWlib\src\stm32f10x_crc.c 0x00000000   Number         0  stm32f10x_crc.o ABSOLUTE
    ..\..\Libraries\FWlib\src\stm32f10x_dac.c 0x00000000   Number         0  stm32f10x_dac.o ABSOLUTE
    ..\..\Libraries\FWlib\src\stm32f10x_dbgmcu.c 0x00000000   Number         0  stm32f10x_dbgmcu.o ABSOLUTE
    ..\..\Libraries\FWlib\src\stm32f10x_dma.c 0x00000000   Number         0  stm32f10x_dma.o ABSOLUTE
    ..\..\Libraries\FWlib\src\stm32f10x_exti.c 0x00000000   Number         0  stm32f10x_exti.o ABSOLUTE
    ..\..\Libraries\FWlib\src\stm32f10x_flash.c 0x00000000   Number         0  stm32f10x_flash.o ABSOLUTE
    ..\..\Libraries\FWlib\src\stm32f10x_fsmc.c 0x00000000   Number         0  stm32f10x_fsmc.o ABSOLUTE
    ..\..\Libraries\FWlib\src\stm32f10x_gpio.c 0x00000000   Number         0  stm32f10x_gpio.o ABSOLUTE
    ..\..\Libraries\FWlib\src\stm32f10x_i2c.c 0x00000000   Number         0  stm32f10x_i2c.o ABSOLUTE
    ..\..\Libraries\FWlib\src\stm32f10x_iwdg.c 0x00000000   Number         0  stm32f10x_iwdg.o ABSOLUTE
    ..\..\Libraries\FWlib\src\stm32f10x_pwr.c 0x00000000   Number         0  stm32f10x_pwr.o ABSOLUTE
    ..\..\Libraries\FWlib\src\stm32f10x_rcc.c 0x00000000   Number         0  stm32f10x_rcc.o ABSOLUTE
    ..\..\Libraries\FWlib\src\stm32f10x_rtc.c 0x00000000   Number         0  stm32f10x_rtc.o ABSOLUTE
    ..\..\Libraries\FWlib\src\stm32f10x_sdio.c 0x00000000   Number         0  stm32f10x_sdio.o ABSOLUTE
    ..\..\Libraries\FWlib\src\stm32f10x_spi.c 0x00000000   Number         0  stm32f10x_spi.o ABSOLUTE
    ..\..\Libraries\FWlib\src\stm32f10x_tim.c 0x00000000   Number         0  stm32f10x_tim.o ABSOLUTE
    ..\..\Libraries\FWlib\src\stm32f10x_usart.c 0x00000000   Number         0  stm32f10x_usart.o ABSOLUTE
    ..\..\Libraries\FWlib\src\stm32f10x_wwdg.c 0x00000000   Number         0  stm32f10x_wwdg.o ABSOLUTE
    ..\..\User\41908\bsp_41908.c             0x00000000   Number         0  bsp_41908.o ABSOLUTE
    ..\..\User\Exti\bsp_exti.c               0x00000000   Number         0  bsp_exti.o ABSOLUTE
    ..\..\User\TimBase\bsp_TiMbase.c         0x00000000   Number         0  bsp_timbase.o ABSOLUTE
    ..\..\User\main.c                        0x00000000   Number         0  main.o ABSOLUTE
    ..\..\User\spi\bsp_SPI.c                 0x00000000   Number         0  bsp_spi.o ABSOLUTE
    ..\..\User\stm32f10x_it.c                0x00000000   Number         0  stm32f10x_it.o ABSOLUTE
    ..\..\User\usart\bsp_usart1.c            0x00000000   Number         0  bsp_usart1.o ABSOLUTE
    ..\\..\\Libraries\\CMSIS\\core_cm3.c     0x00000000   Number         0  core_cm3.o ABSOLUTE
    dc.s                                     0x00000000   Number         0  dc.o ABSOLUTE
    handlers.s                               0x00000000   Number         0  handlers.o ABSOLUTE
    init.s                                   0x00000000   Number         0  init.o ABSOLUTE
    RESET                                    0x08000000   Section      304  startup_stm32f10x_hd.o(RESET)
    .ARM.Collect$$$$00000000                 0x08000130   Section        0  entry.o(.ARM.Collect$$$$00000000)
    .ARM.Collect$$$$00000001                 0x08000130   Section        4  entry2.o(.ARM.Collect$$$$00000001)
    .ARM.Collect$$$$00000004                 0x08000134   Section        4  entry5.o(.ARM.Collect$$$$00000004)
    .ARM.Collect$$$$00000008                 0x08000138   Section        0  entry7b.o(.ARM.Collect$$$$00000008)
    .ARM.Collect$$$$0000000A                 0x08000138   Section        0  entry8b.o(.ARM.Collect$$$$0000000A)
    .ARM.Collect$$$$0000000B                 0x08000138   Section        8  entry9a.o(.ARM.Collect$$$$0000000B)
    .ARM.Collect$$$$0000000D                 0x08000140   Section        0  entry10a.o(.ARM.Collect$$$$0000000D)
    .ARM.Collect$$$$0000000F                 0x08000140   Section        0  entry11a.o(.ARM.Collect$$$$0000000F)
    .ARM.Collect$$$$00002712                 0x08000140   Section        4  entry2.o(.ARM.Collect$$$$00002712)
    __lit__00000000                          0x08000140   Data           4  entry2.o(.ARM.Collect$$$$00002712)
    .text                                    0x08000144   Section       36  startup_stm32f10x_hd.o(.text)
    .text                                    0x08000168   Section        0  system_stm32f10x.o(.text)
    SetSysClockTo72                          0x08000169   Thumb Code   214  system_stm32f10x.o(.text)
    SetSysClock                              0x0800023f   Thumb Code     8  system_stm32f10x.o(.text)
    .text                                    0x08000348   Section        0  misc.o(.text)
    .text                                    0x08000424   Section        0  stm32f10x_dma.o(.text)
    .text                                    0x08000678   Section        0  stm32f10x_exti.o(.text)
    .text                                    0x08000794   Section        0  stm32f10x_gpio.o(.text)
    .text                                    0x08000af0   Section        0  stm32f10x_rcc.o(.text)
    .text                                    0x08000e94   Section        0  stm32f10x_spi.o(.text)
    .text                                    0x080011a0   Section        0  stm32f10x_tim.o(.text)
    TI4_Config                               0x08001647   Thumb Code   130  stm32f10x_tim.o(.text)
    TI3_Config                               0x080016db   Thumb Code   122  stm32f10x_tim.o(.text)
    TI2_Config                               0x0800176f   Thumb Code   130  stm32f10x_tim.o(.text)
    TI1_Config                               0x08001803   Thumb Code   108  stm32f10x_tim.o(.text)
    .text                                    0x08001fbc   Section        0  stm32f10x_usart.o(.text)
    .text                                    0x080023c4   Section        0  main.o(.text)
    .text                                    0x08002860   Section        0  stm32f10x_it.o(.text)
    .text                                    0x08002898   Section        0  bsp_usart1.o(.text)
    .text                                    0x080029a0   Section        0  bsp_spi.o(.text)
    .text                                    0x08002af8   Section        0  bsp_41908.o(.text)
    .text                                    0x08002c60   Section        0  bsp_timbase.o(.text)
    .text                                    0x08002ce0   Section        0  bsp_exti.o(.text)
    NVIC_Configuration                       0x08002ce1   Thumb Code   220  bsp_exti.o(.text)
    .text                                    0x08002e64   Section       36  init.o(.text)
    i.__scatterload_copy                     0x08002e88   Section       14  handlers.o(i.__scatterload_copy)
    i.__scatterload_null                     0x08002e96   Section        2  handlers.o(i.__scatterload_null)
    i.__scatterload_zeroinit                 0x08002e98   Section       14  handlers.o(i.__scatterload_zeroinit)
    .data                                    0x20000000   Section       20  system_stm32f10x.o(.data)
    .data                                    0x20000014   Section       20  stm32f10x_rcc.o(.data)
    APBAHBPrescTable                         0x20000014   Data          16  stm32f10x_rcc.o(.data)
    ADCPrescTable                            0x20000024   Data           4  stm32f10x_rcc.o(.data)
    .data                                    0x20000028   Section       36  main.o(.data)
    .data                                    0x2000004c   Section       68  stm32f10x_it.o(.data)
    cnt                                      0x2000008c   Data           4  stm32f10x_it.o(.data)
    .bss                                     0x20000090   Section      100  bsp_usart1.o(.bss)
    STACK                                    0x200000f8   Section     1024  startup_stm32f10x_hd.o(STACK)

    Global Symbols

    Symbol Name                              Value     Ov Type        Size  Object(Section)

    BuildAttributes$$THM_ISAv4$P$D$K$B$S$PE$A:L22UL41UL21$X:L11$S22US41US21$IEEE1$IW$USESV6$~STKCKD$USESV7$~SHL$OSPACE$EBA8$MICROLIB$REQ8$PRES8$EABIv2 0x00000000   Number         0  anon$$obj.o ABSOLUTE
    __ARM_use_no_argv                        0x00000000   Number         0  main.o ABSOLUTE
    __cpp_initialize__aeabi_                  - Undefined Weak Reference
    __cxa_finalize                            - Undefined Weak Reference
    __decompress                              - Undefined Weak Reference
    _clock_init                               - Undefined Weak Reference
    _microlib_exit                            - Undefined Weak Reference
    __Vectors_Size                           0x00000130   Number         0  startup_stm32f10x_hd.o ABSOLUTE
    __Vectors                                0x08000000   Data           4  startup_stm32f10x_hd.o(RESET)
    __Vectors_End                            0x08000130   Data           0  startup_stm32f10x_hd.o(RESET)
    __main                                   0x08000131   Thumb Code     0  entry.o(.ARM.Collect$$$$00000000)
    _main_stk                                0x08000131   Thumb Code     0  entry2.o(.ARM.Collect$$$$00000001)
    _main_scatterload                        0x08000135   Thumb Code     0  entry5.o(.ARM.Collect$$$$00000004)
    __main_after_scatterload                 0x08000139   Thumb Code     0  entry5.o(.ARM.Collect$$$$00000004)
    _main_clock                              0x08000139   Thumb Code     0  entry7b.o(.ARM.Collect$$$$00000008)
    _main_cpp_init                           0x08000139   Thumb Code     0  entry8b.o(.ARM.Collect$$$$0000000A)
    _main_init                               0x08000139   Thumb Code     0  entry9a.o(.ARM.Collect$$$$0000000B)
    __rt_final_cpp                           0x08000141   Thumb Code     0  entry10a.o(.ARM.Collect$$$$0000000D)
    __rt_final_exit                          0x08000141   Thumb Code     0  entry11a.o(.ARM.Collect$$$$0000000F)
    Reset_Handler                            0x08000145   Thumb Code     8  startup_stm32f10x_hd.o(.text)
    ADC1_2_IRQHandler                        0x0800015f   Thumb Code     0  startup_stm32f10x_hd.o(.text)
    ADC3_IRQHandler                          0x0800015f   Thumb Code     0  startup_stm32f10x_hd.o(.text)
    CAN1_RX1_IRQHandler                      0x0800015f   Thumb Code     0  startup_stm32f10x_hd.o(.text)
    CAN1_SCE_IRQHandler                      0x0800015f   Thumb Code     0  startup_stm32f10x_hd.o(.text)
    DMA1_Channel1_IRQHandler                 0x0800015f   Thumb Code     0  startup_stm32f10x_hd.o(.text)
    DMA1_Channel2_IRQHandler                 0x0800015f   Thumb Code     0  startup_stm32f10x_hd.o(.text)
    DMA1_Channel3_IRQHandler                 0x0800015f   Thumb Code     0  startup_stm32f10x_hd.o(.text)
    DMA1_Channel4_IRQHandler                 0x0800015f   Thumb Code     0  startup_stm32f10x_hd.o(.text)
    DMA1_Channel5_IRQHandler                 0x0800015f   Thumb Code     0  startup_stm32f10x_hd.o(.text)
    DMA1_Channel6_IRQHandler                 0x0800015f   Thumb Code     0  startup_stm32f10x_hd.o(.text)
    DMA1_Channel7_IRQHandler                 0x0800015f   Thumb Code     0  startup_stm32f10x_hd.o(.text)
    DMA2_Channel1_IRQHandler                 0x0800015f   Thumb Code     0  startup_stm32f10x_hd.o(.text)
    DMA2_Channel2_IRQHandler                 0x0800015f   Thumb Code     0  startup_stm32f10x_hd.o(.text)
    DMA2_Channel3_IRQHandler                 0x0800015f   Thumb Code     0  startup_stm32f10x_hd.o(.text)
    DMA2_Channel4_5_IRQHandler               0x0800015f   Thumb Code     0  startup_stm32f10x_hd.o(.text)
    EXTI0_IRQHandler                         0x0800015f   Thumb Code     0  startup_stm32f10x_hd.o(.text)
    EXTI1_IRQHandler                         0x0800015f   Thumb Code     0  startup_stm32f10x_hd.o(.text)
    EXTI2_IRQHandler                         0x0800015f   Thumb Code     0  startup_stm32f10x_hd.o(.text)
    EXTI3_IRQHandler                         0x0800015f   Thumb Code     0  startup_stm32f10x_hd.o(.text)
    EXTI4_IRQHandler                         0x0800015f   Thumb Code     0  startup_stm32f10x_hd.o(.text)
    EXTI9_5_IRQHandler                       0x0800015f   Thumb Code     0  startup_stm32f10x_hd.o(.text)
    FLASH_IRQHandler                         0x0800015f   Thumb Code     0  startup_stm32f10x_hd.o(.text)
    FSMC_IRQHandler                          0x0800015f   Thumb Code     0  startup_stm32f10x_hd.o(.text)
    I2C1_ER_IRQHandler                       0x0800015f   Thumb Code     0  startup_stm32f10x_hd.o(.text)
    I2C1_EV_IRQHandler                       0x0800015f   Thumb Code     0  startup_stm32f10x_hd.o(.text)
    I2C2_ER_IRQHandler                       0x0800015f   Thumb Code     0  startup_stm32f10x_hd.o(.text)
    I2C2_EV_IRQHandler                       0x0800015f   Thumb Code     0  startup_stm32f10x_hd.o(.text)
    PVD_IRQHandler                           0x0800015f   Thumb Code     0  startup_stm32f10x_hd.o(.text)
    RCC_IRQHandler                           0x0800015f   Thumb Code     0  startup_stm32f10x_hd.o(.text)
    RTCAlarm_IRQHandler                      0x0800015f   Thumb Code     0  startup_stm32f10x_hd.o(.text)
    RTC_IRQHandler                           0x0800015f   Thumb Code     0  startup_stm32f10x_hd.o(.text)
    SDIO_IRQHandler                          0x0800015f   Thumb Code     0  startup_stm32f10x_hd.o(.text)
    SPI1_IRQHandler                          0x0800015f   Thumb Code     0  startup_stm32f10x_hd.o(.text)
    SPI2_IRQHandler                          0x0800015f   Thumb Code     0  startup_stm32f10x_hd.o(.text)
    SPI3_IRQHandler                          0x0800015f   Thumb Code     0  startup_stm32f10x_hd.o(.text)
    TAMPER_IRQHandler                        0x0800015f   Thumb Code     0  startup_stm32f10x_hd.o(.text)
    TIM1_BRK_IRQHandler                      0x0800015f   Thumb Code     0  startup_stm32f10x_hd.o(.text)
    TIM1_CC_IRQHandler                       0x0800015f   Thumb Code     0  startup_stm32f10x_hd.o(.text)
    TIM1_TRG_COM_IRQHandler                  0x0800015f   Thumb Code     0  startup_stm32f10x_hd.o(.text)
    TIM1_UP_IRQHandler                       0x0800015f   Thumb Code     0  startup_stm32f10x_hd.o(.text)
    TIM3_IRQHandler                          0x0800015f   Thumb Code     0  startup_stm32f10x_hd.o(.text)
    TIM4_IRQHandler                          0x0800015f   Thumb Code     0  startup_stm32f10x_hd.o(.text)
    TIM5_IRQHandler                          0x0800015f   Thumb Code     0  startup_stm32f10x_hd.o(.text)
    TIM6_IRQHandler                          0x0800015f   Thumb Code     0  startup_stm32f10x_hd.o(.text)
    TIM7_IRQHandler                          0x0800015f   Thumb Code     0  startup_stm32f10x_hd.o(.text)
    TIM8_BRK_IRQHandler                      0x0800015f   Thumb Code     0  startup_stm32f10x_hd.o(.text)
    TIM8_CC_IRQHandler                       0x0800015f   Thumb Code     0  startup_stm32f10x_hd.o(.text)
    TIM8_TRG_COM_IRQHandler                  0x0800015f   Thumb Code     0  startup_stm32f10x_hd.o(.text)
    TIM8_UP_IRQHandler                       0x0800015f   Thumb Code     0  startup_stm32f10x_hd.o(.text)
    UART4_IRQHandler                         0x0800015f   Thumb Code     0  startup_stm32f10x_hd.o(.text)
    UART5_IRQHandler                         0x0800015f   Thumb Code     0  startup_stm32f10x_hd.o(.text)
    USART2_IRQHandler                        0x0800015f   Thumb Code     0  startup_stm32f10x_hd.o(.text)
    USART3_IRQHandler                        0x0800015f   Thumb Code     0  startup_stm32f10x_hd.o(.text)
    USBWakeUp_IRQHandler                     0x0800015f   Thumb Code     0  startup_stm32f10x_hd.o(.text)
    USB_HP_CAN1_TX_IRQHandler                0x0800015f   Thumb Code     0  startup_stm32f10x_hd.o(.text)
    USB_LP_CAN1_RX0_IRQHandler               0x0800015f   Thumb Code     0  startup_stm32f10x_hd.o(.text)
    WWDG_IRQHandler                          0x0800015f   Thumb Code     0  startup_stm32f10x_hd.o(.text)
    SystemInit                               0x08000247   Thumb Code    78  system_stm32f10x.o(.text)
    SystemCoreClockUpdate                    0x08000295   Thumb Code   142  system_stm32f10x.o(.text)
    NVIC_PriorityGroupConfig                 0x08000349   Thumb Code    10  misc.o(.text)
    NVIC_Init                                0x08000353   Thumb Code   100  misc.o(.text)
    NVIC_SetVectorTable                      0x080003b7   Thumb Code    14  misc.o(.text)
    NVIC_SystemLPConfig                      0x080003c5   Thumb Code    34  misc.o(.text)
    SysTick_CLKSourceConfig                  0x080003e7   Thumb Code    40  misc.o(.text)
    DMA_DeInit                               0x08000425   Thumb Code   324  stm32f10x_dma.o(.text)
    DMA_Init                                 0x08000569   Thumb Code    60  stm32f10x_dma.o(.text)
    DMA_StructInit                           0x080005a5   Thumb Code    26  stm32f10x_dma.o(.text)
    DMA_Cmd                                  0x080005bf   Thumb Code    24  stm32f10x_dma.o(.text)
    DMA_ITConfig                             0x080005d7   Thumb Code    18  stm32f10x_dma.o(.text)
    DMA_SetCurrDataCounter                   0x080005e9   Thumb Code     4  stm32f10x_dma.o(.text)
    DMA_GetCurrDataCounter                   0x080005ed   Thumb Code     8  stm32f10x_dma.o(.text)
    DMA_GetFlagStatus                        0x080005f5   Thumb Code    40  stm32f10x_dma.o(.text)
    DMA_ClearFlag                            0x0800061d   Thumb Code    22  stm32f10x_dma.o(.text)
    DMA_GetITStatus                          0x08000633   Thumb Code    40  stm32f10x_dma.o(.text)
    DMA_ClearITPendingBit                    0x0800065b   Thumb Code    22  stm32f10x_dma.o(.text)
    EXTI_DeInit                              0x08000679   Thumb Code    28  stm32f10x_exti.o(.text)
    EXTI_Init                                0x08000695   Thumb Code   142  stm32f10x_exti.o(.text)
    EXTI_StructInit                          0x08000723   Thumb Code    16  stm32f10x_exti.o(.text)
    EXTI_GenerateSWInterrupt                 0x08000733   Thumb Code    16  stm32f10x_exti.o(.text)
    EXTI_GetFlagStatus                       0x08000743   Thumb Code    22  stm32f10x_exti.o(.text)
    EXTI_ClearFlag                           0x08000759   Thumb Code     8  stm32f10x_exti.o(.text)
    EXTI_GetITStatus                         0x08000761   Thumb Code    34  stm32f10x_exti.o(.text)
    EXTI_ClearITPendingBit                   0x08000783   Thumb Code     8  stm32f10x_exti.o(.text)
    GPIO_DeInit                              0x08000795   Thumb Code   172  stm32f10x_gpio.o(.text)
    GPIO_AFIODeInit                          0x08000841   Thumb Code    20  stm32f10x_gpio.o(.text)
    GPIO_Init                                0x08000855   Thumb Code   278  stm32f10x_gpio.o(.text)
    GPIO_StructInit                          0x0800096b   Thumb Code    16  stm32f10x_gpio.o(.text)
    GPIO_ReadInputDataBit                    0x0800097b   Thumb Code    18  stm32f10x_gpio.o(.text)
    GPIO_ReadInputData                       0x0800098d   Thumb Code     8  stm32f10x_gpio.o(.text)
    GPIO_ReadOutputDataBit                   0x08000995   Thumb Code    18  stm32f10x_gpio.o(.text)
    GPIO_ReadOutputData                      0x080009a7   Thumb Code     8  stm32f10x_gpio.o(.text)
    GPIO_SetBits                             0x080009af   Thumb Code     4  stm32f10x_gpio.o(.text)
    GPIO_ResetBits                           0x080009b3   Thumb Code     4  stm32f10x_gpio.o(.text)
    GPIO_WriteBit                            0x080009b7   Thumb Code    10  stm32f10x_gpio.o(.text)
    GPIO_Write                               0x080009c1   Thumb Code     4  stm32f10x_gpio.o(.text)
    GPIO_PinLockConfig                       0x080009c5   Thumb Code    18  stm32f10x_gpio.o(.text)
    GPIO_EventOutputConfig                   0x080009d7   Thumb Code    26  stm32f10x_gpio.o(.text)
    GPIO_EventOutputCmd                      0x080009f1   Thumb Code     6  stm32f10x_gpio.o(.text)
    GPIO_PinRemapConfig                      0x080009f7   Thumb Code   138  stm32f10x_gpio.o(.text)
    GPIO_EXTILineConfig                      0x08000a81   Thumb Code    66  stm32f10x_gpio.o(.text)
    GPIO_ETH_MediaInterfaceConfig            0x08000ac3   Thumb Code     8  stm32f10x_gpio.o(.text)
    RCC_DeInit                               0x08000af1   Thumb Code    64  stm32f10x_rcc.o(.text)
    RCC_HSEConfig                            0x08000b31   Thumb Code    70  stm32f10x_rcc.o(.text)
    RCC_GetFlagStatus                        0x08000b77   Thumb Code    56  stm32f10x_rcc.o(.text)
    RCC_WaitForHSEStartUp                    0x08000baf   Thumb Code    56  stm32f10x_rcc.o(.text)
    RCC_AdjustHSICalibrationValue            0x08000be7   Thumb Code    20  stm32f10x_rcc.o(.text)
    RCC_HSICmd                               0x08000bfb   Thumb Code     6  stm32f10x_rcc.o(.text)
    RCC_PLLConfig                            0x08000c01   Thumb Code    24  stm32f10x_rcc.o(.text)
    RCC_PLLCmd                               0x08000c19   Thumb Code     6  stm32f10x_rcc.o(.text)
    RCC_SYSCLKConfig                         0x08000c1f   Thumb Code    18  stm32f10x_rcc.o(.text)
    RCC_GetSYSCLKSource                      0x08000c31   Thumb Code    10  stm32f10x_rcc.o(.text)
    RCC_HCLKConfig                           0x08000c3b   Thumb Code    18  stm32f10x_rcc.o(.text)
    RCC_PCLK1Config                          0x08000c4d   Thumb Code    18  stm32f10x_rcc.o(.text)
    RCC_PCLK2Config                          0x08000c5f   Thumb Code    20  stm32f10x_rcc.o(.text)
    RCC_ITConfig                             0x08000c73   Thumb Code    26  stm32f10x_rcc.o(.text)
    RCC_USBCLKConfig                         0x08000c8d   Thumb Code     8  stm32f10x_rcc.o(.text)
    RCC_ADCCLKConfig                         0x08000c95   Thumb Code    18  stm32f10x_rcc.o(.text)
    RCC_LSEConfig                            0x08000ca7   Thumb Code    50  stm32f10x_rcc.o(.text)
    RCC_LSICmd                               0x08000cd9   Thumb Code     6  stm32f10x_rcc.o(.text)
    RCC_RTCCLKConfig                         0x08000cdf   Thumb Code    12  stm32f10x_rcc.o(.text)
    RCC_RTCCLKCmd                            0x08000ceb   Thumb Code     8  stm32f10x_rcc.o(.text)
    RCC_GetClocksFreq                        0x08000cf3   Thumb Code   192  stm32f10x_rcc.o(.text)
    RCC_AHBPeriphClockCmd                    0x08000db3   Thumb Code    26  stm32f10x_rcc.o(.text)
    RCC_APB2PeriphClockCmd                   0x08000dcd   Thumb Code    26  stm32f10x_rcc.o(.text)
    RCC_APB1PeriphClockCmd                   0x08000de7   Thumb Code    26  stm32f10x_rcc.o(.text)
    RCC_APB2PeriphResetCmd                   0x08000e01   Thumb Code    26  stm32f10x_rcc.o(.text)
    RCC_APB1PeriphResetCmd                   0x08000e1b   Thumb Code    26  stm32f10x_rcc.o(.text)
    RCC_BackupResetCmd                       0x08000e35   Thumb Code     8  stm32f10x_rcc.o(.text)
    RCC_ClockSecuritySystemCmd               0x08000e3d   Thumb Code     6  stm32f10x_rcc.o(.text)
    RCC_MCOConfig                            0x08000e43   Thumb Code     6  stm32f10x_rcc.o(.text)
    RCC_ClearFlag                            0x08000e49   Thumb Code    14  stm32f10x_rcc.o(.text)
    RCC_GetITStatus                          0x08000e57   Thumb Code    20  stm32f10x_rcc.o(.text)
    RCC_ClearITPendingBit                    0x08000e6b   Thumb Code     6  stm32f10x_rcc.o(.text)
    SPI_I2S_DeInit                           0x08000e95   Thumb Code    76  stm32f10x_spi.o(.text)
    SPI_Init                                 0x08000ee1   Thumb Code    60  stm32f10x_spi.o(.text)
    I2S_Init                                 0x08000f1d   Thumb Code   226  stm32f10x_spi.o(.text)
    SPI_StructInit                           0x08000fff   Thumb Code    24  stm32f10x_spi.o(.text)
    I2S_StructInit                           0x08001017   Thumb Code    20  stm32f10x_spi.o(.text)
    SPI_Cmd                                  0x0800102b   Thumb Code    24  stm32f10x_spi.o(.text)
    I2S_Cmd                                  0x08001043   Thumb Code    24  stm32f10x_spi.o(.text)
    SPI_I2S_ITConfig                         0x0800105b   Thumb Code    32  stm32f10x_spi.o(.text)
    SPI_I2S_DMACmd                           0x0800107b   Thumb Code    18  stm32f10x_spi.o(.text)
    SPI_I2S_SendData                         0x0800108d   Thumb Code     4  stm32f10x_spi.o(.text)
    SPI_I2S_ReceiveData                      0x08001091   Thumb Code     6  stm32f10x_spi.o(.text)
    SPI_NSSInternalSoftwareConfig            0x08001097   Thumb Code    30  stm32f10x_spi.o(.text)
    SPI_SSOutputCmd                          0x080010b5   Thumb Code    24  stm32f10x_spi.o(.text)
    SPI_DataSizeConfig                       0x080010cd   Thumb Code    18  stm32f10x_spi.o(.text)
    SPI_TransmitCRC                          0x080010df   Thumb Code    10  stm32f10x_spi.o(.text)
    SPI_CalculateCRC                         0x080010e9   Thumb Code    24  stm32f10x_spi.o(.text)
    SPI_GetCRC                               0x08001101   Thumb Code    16  stm32f10x_spi.o(.text)
    SPI_GetCRCPolynomial                     0x08001111   Thumb Code     6  stm32f10x_spi.o(.text)
    SPI_BiDirectionalLineConfig              0x08001117   Thumb Code    28  stm32f10x_spi.o(.text)
    SPI_I2S_GetFlagStatus                    0x08001133   Thumb Code    18  stm32f10x_spi.o(.text)
    SPI_I2S_ClearFlag                        0x08001145   Thumb Code     6  stm32f10x_spi.o(.text)
    SPI_I2S_GetITStatus                      0x0800114b   Thumb Code    52  stm32f10x_spi.o(.text)
    SPI_I2S_ClearITPendingBit                0x0800117f   Thumb Code    20  stm32f10x_spi.o(.text)
    TIM_DeInit                               0x080011a1   Thumb Code   424  stm32f10x_tim.o(.text)
    TIM_TimeBaseInit                         0x08001349   Thumb Code   122  stm32f10x_tim.o(.text)
    TIM_OC1Init                              0x080013c3   Thumb Code   132  stm32f10x_tim.o(.text)
    TIM_OC2Init                              0x08001447   Thumb Code   154  stm32f10x_tim.o(.text)
    TIM_OC3Init                              0x080014e1   Thumb Code   150  stm32f10x_tim.o(.text)
    TIM_OC4Init                              0x08001577   Thumb Code   182  stm32f10x_tim.o(.text)
    TIM_SetIC4Prescaler                      0x0800162d   Thumb Code    26  stm32f10x_tim.o(.text)
    TIM_SetIC3Prescaler                      0x080016c9   Thumb Code    18  stm32f10x_tim.o(.text)
    TIM_SetIC2Prescaler                      0x08001755   Thumb Code    26  stm32f10x_tim.o(.text)
    TIM_SetIC1Prescaler                      0x080017f1   Thumb Code    18  stm32f10x_tim.o(.text)
    TIM_ICInit                               0x0800186f   Thumb Code   150  stm32f10x_tim.o(.text)
    TIM_PWMIConfig                           0x08001905   Thumb Code   124  stm32f10x_tim.o(.text)
    TIM_BDTRConfig                           0x08001981   Thumb Code    32  stm32f10x_tim.o(.text)
    TIM_TimeBaseStructInit                   0x080019a1   Thumb Code    18  stm32f10x_tim.o(.text)
    TIM_OCStructInit                         0x080019b3   Thumb Code    20  stm32f10x_tim.o(.text)
    TIM_ICStructInit                         0x080019c7   Thumb Code    18  stm32f10x_tim.o(.text)
    TIM_BDTRStructInit                       0x080019d9   Thumb Code    40  stm32f10x_tim.o(.text)
    TIM_Cmd                                  0x08001a01   Thumb Code    24  stm32f10x_tim.o(.text)
    TIM_CtrlPWMOutputs                       0x08001a19   Thumb Code    30  stm32f10x_tim.o(.text)
    TIM_ITConfig                             0x08001a37   Thumb Code    18  stm32f10x_tim.o(.text)
    TIM_GenerateEvent                        0x08001a49   Thumb Code     4  stm32f10x_tim.o(.text)
    TIM_DMAConfig                            0x08001a4d   Thumb Code    10  stm32f10x_tim.o(.text)
    TIM_DMACmd                               0x08001a57   Thumb Code    18  stm32f10x_tim.o(.text)
    TIM_InternalClockConfig                  0x08001a69   Thumb Code    12  stm32f10x_tim.o(.text)
    TIM_SelectInputTrigger                   0x08001a75   Thumb Code    18  stm32f10x_tim.o(.text)
    TIM_ITRxExternalClockConfig              0x08001a87   Thumb Code    24  stm32f10x_tim.o(.text)
    TIM_TIxExternalClockConfig               0x08001a9f   Thumb Code    62  stm32f10x_tim.o(.text)
    TIM_ETRConfig                            0x08001add   Thumb Code    28  stm32f10x_tim.o(.text)
    TIM_ETRClockMode1Config                  0x08001af9   Thumb Code    54  stm32f10x_tim.o(.text)
    TIM_ETRClockMode2Config                  0x08001b2f   Thumb Code    32  stm32f10x_tim.o(.text)
    TIM_PrescalerConfig                      0x08001b4f   Thumb Code     6  stm32f10x_tim.o(.text)
    TIM_CounterModeConfig                    0x08001b55   Thumb Code    18  stm32f10x_tim.o(.text)
    TIM_EncoderInterfaceConfig               0x08001b67   Thumb Code    66  stm32f10x_tim.o(.text)
    TIM_ForcedOC1Config                      0x08001ba9   Thumb Code    18  stm32f10x_tim.o(.text)
    TIM_ForcedOC2Config                      0x08001bbb   Thumb Code    26  stm32f10x_tim.o(.text)
    TIM_ForcedOC3Config                      0x08001bd5   Thumb Code    18  stm32f10x_tim.o(.text)
    TIM_ForcedOC4Config                      0x08001be7   Thumb Code    26  stm32f10x_tim.o(.text)
    TIM_ARRPreloadConfig                     0x08001c01   Thumb Code    24  stm32f10x_tim.o(.text)
    TIM_SelectCOM                            0x08001c19   Thumb Code    24  stm32f10x_tim.o(.text)
    TIM_SelectCCDMA                          0x08001c31   Thumb Code    24  stm32f10x_tim.o(.text)
    TIM_CCPreloadControl                     0x08001c49   Thumb Code    24  stm32f10x_tim.o(.text)
    TIM_OC1PreloadConfig                     0x08001c61   Thumb Code    18  stm32f10x_tim.o(.text)
    TIM_OC2PreloadConfig                     0x08001c73   Thumb Code    26  stm32f10x_tim.o(.text)
    TIM_OC3PreloadConfig                     0x08001c8d   Thumb Code    18  stm32f10x_tim.o(.text)
    TIM_OC4PreloadConfig                     0x08001c9f   Thumb Code    26  stm32f10x_tim.o(.text)
    TIM_OC1FastConfig                        0x08001cb9   Thumb Code    18  stm32f10x_tim.o(.text)
    TIM_OC2FastConfig                        0x08001ccb   Thumb Code    26  stm32f10x_tim.o(.text)
    TIM_OC3FastConfig                        0x08001ce5   Thumb Code    18  stm32f10x_tim.o(.text)
    TIM_OC4FastConfig                        0x08001cf7   Thumb Code    26  stm32f10x_tim.o(.text)
    TIM_ClearOC1Ref                          0x08001d11   Thumb Code    18  stm32f10x_tim.o(.text)
    TIM_ClearOC2Ref                          0x08001d23   Thumb Code    24  stm32f10x_tim.o(.text)
    TIM_ClearOC3Ref                          0x08001d3b   Thumb Code    18  stm32f10x_tim.o(.text)
    TIM_ClearOC4Ref                          0x08001d4d   Thumb Code    24  stm32f10x_tim.o(.text)
    TIM_OC1PolarityConfig                    0x08001d65   Thumb Code    18  stm32f10x_tim.o(.text)
    TIM_OC1NPolarityConfig                   0x08001d77   Thumb Code    18  stm32f10x_tim.o(.text)
    TIM_OC2PolarityConfig                    0x08001d89   Thumb Code    26  stm32f10x_tim.o(.text)
    TIM_OC2NPolarityConfig                   0x08001da3   Thumb Code    26  stm32f10x_tim.o(.text)
    TIM_OC3PolarityConfig                    0x08001dbd   Thumb Code    26  stm32f10x_tim.o(.text)
    TIM_OC3NPolarityConfig                   0x08001dd7   Thumb Code    26  stm32f10x_tim.o(.text)
    TIM_OC4PolarityConfig                    0x08001df1   Thumb Code    26  stm32f10x_tim.o(.text)
    TIM_CCxCmd                               0x08001e0b   Thumb Code    30  stm32f10x_tim.o(.text)
    TIM_CCxNCmd                              0x08001e29   Thumb Code    30  stm32f10x_tim.o(.text)
    TIM_SelectOCxM                           0x08001e47   Thumb Code    82  stm32f10x_tim.o(.text)
    TIM_UpdateDisableConfig                  0x08001e99   Thumb Code    24  stm32f10x_tim.o(.text)
    TIM_UpdateRequestConfig                  0x08001eb1   Thumb Code    24  stm32f10x_tim.o(.text)
    TIM_SelectHallSensor                     0x08001ec9   Thumb Code    24  stm32f10x_tim.o(.text)
    TIM_SelectOnePulseMode                   0x08001ee1   Thumb Code    18  stm32f10x_tim.o(.text)
    TIM_SelectOutputTrigger                  0x08001ef3   Thumb Code    18  stm32f10x_tim.o(.text)
    TIM_SelectSlaveMode                      0x08001f05   Thumb Code    18  stm32f10x_tim.o(.text)
    TIM_SelectMasterSlaveMode                0x08001f17   Thumb Code    18  stm32f10x_tim.o(.text)
    TIM_SetCounter                           0x08001f29   Thumb Code     4  stm32f10x_tim.o(.text)
    TIM_SetAutoreload                        0x08001f2d   Thumb Code     4  stm32f10x_tim.o(.text)
    TIM_SetCompare1                          0x08001f31   Thumb Code     4  stm32f10x_tim.o(.text)
    TIM_SetCompare2                          0x08001f35   Thumb Code     4  stm32f10x_tim.o(.text)
    TIM_SetCompare3                          0x08001f39   Thumb Code     4  stm32f10x_tim.o(.text)
    TIM_SetCompare4                          0x08001f3d   Thumb Code     6  stm32f10x_tim.o(.text)
    TIM_SetClockDivision                     0x08001f43   Thumb Code    18  stm32f10x_tim.o(.text)
    TIM_GetCapture1                          0x08001f55   Thumb Code     6  stm32f10x_tim.o(.text)
    TIM_GetCapture2                          0x08001f5b   Thumb Code     6  stm32f10x_tim.o(.text)
    TIM_GetCapture3                          0x08001f61   Thumb Code     6  stm32f10x_tim.o(.text)
    TIM_GetCapture4                          0x08001f67   Thumb Code     8  stm32f10x_tim.o(.text)
    TIM_GetCounter                           0x08001f6f   Thumb Code     6  stm32f10x_tim.o(.text)
    TIM_GetPrescaler                         0x08001f75   Thumb Code     6  stm32f10x_tim.o(.text)
    TIM_GetFlagStatus                        0x08001f7b   Thumb Code    18  stm32f10x_tim.o(.text)
    TIM_ClearFlag                            0x08001f8d   Thumb Code     6  stm32f10x_tim.o(.text)
    TIM_GetITStatus                          0x08001f93   Thumb Code    34  stm32f10x_tim.o(.text)
    TIM_ClearITPendingBit                    0x08001fb5   Thumb Code     6  stm32f10x_tim.o(.text)
    USART_DeInit                             0x08001fbd   Thumb Code   134  stm32f10x_usart.o(.text)
    USART_Init                               0x08002043   Thumb Code   210  stm32f10x_usart.o(.text)
    USART_StructInit                         0x08002115   Thumb Code    24  stm32f10x_usart.o(.text)
    USART_ClockInit                          0x0800212d   Thumb Code    34  stm32f10x_usart.o(.text)
    USART_ClockStructInit                    0x0800214f   Thumb Code    12  stm32f10x_usart.o(.text)
    USART_Cmd                                0x0800215b   Thumb Code    24  stm32f10x_usart.o(.text)
    USART_ITConfig                           0x08002173   Thumb Code    74  stm32f10x_usart.o(.text)
    USART_DMACmd                             0x080021bd   Thumb Code    18  stm32f10x_usart.o(.text)
    USART_SetAddress                         0x080021cf   Thumb Code    18  stm32f10x_usart.o(.text)
    USART_WakeUpConfig                       0x080021e1   Thumb Code    18  stm32f10x_usart.o(.text)
    USART_ReceiverWakeUpCmd                  0x080021f3   Thumb Code    24  stm32f10x_usart.o(.text)
    USART_LINBreakDetectLengthConfig         0x0800220b   Thumb Code    18  stm32f10x_usart.o(.text)
    USART_LINCmd                             0x0800221d   Thumb Code    24  stm32f10x_usart.o(.text)
    USART_SendData                           0x08002235   Thumb Code     8  stm32f10x_usart.o(.text)
    USART_ReceiveData                        0x0800223d   Thumb Code    10  stm32f10x_usart.o(.text)
    USART_SendBreak                          0x08002247   Thumb Code    10  stm32f10x_usart.o(.text)
    USART_SetGuardTime                       0x08002251   Thumb Code    16  stm32f10x_usart.o(.text)
    USART_SetPrescaler                       0x08002261   Thumb Code    16  stm32f10x_usart.o(.text)
    USART_SmartCardCmd                       0x08002271   Thumb Code    24  stm32f10x_usart.o(.text)
    USART_SmartCardNACKCmd                   0x08002289   Thumb Code    24  stm32f10x_usart.o(.text)
    USART_HalfDuplexCmd                      0x080022a1   Thumb Code    24  stm32f10x_usart.o(.text)
    USART_OverSampling8Cmd                   0x080022b9   Thumb Code    22  stm32f10x_usart.o(.text)
    USART_OneBitMethodCmd                    0x080022cf   Thumb Code    24  stm32f10x_usart.o(.text)
    USART_IrDAConfig                         0x080022e7   Thumb Code    18  stm32f10x_usart.o(.text)
    USART_IrDACmd                            0x080022f9   Thumb Code    24  stm32f10x_usart.o(.text)
    USART_GetFlagStatus                      0x08002311   Thumb Code    26  stm32f10x_usart.o(.text)
    USART_ClearFlag                          0x0800232b   Thumb Code    18  stm32f10x_usart.o(.text)
    USART_GetITStatus                        0x0800233d   Thumb Code    84  stm32f10x_usart.o(.text)
    USART_ClearITPendingBit                  0x08002391   Thumb Code    52  stm32f10x_usart.o(.text)
    Delay                                    0x080023c5   Thumb Code    26  main.o(.text)
    main                                     0x080023df   Thumb Code   322  main.o(.text)
    TIM2_IRQHandler                          0x08002521   Thumb Code   420  main.o(.text)
    EXTI15_10_IRQHandler                     0x080026c5   Thumb Code   394  main.o(.text)
    NMI_Handler                              0x08002861   Thumb Code     2  stm32f10x_it.o(.text)
    HardFault_Handler                        0x08002863   Thumb Code     2  stm32f10x_it.o(.text)
    MemManage_Handler                        0x08002865   Thumb Code     2  stm32f10x_it.o(.text)
    BusFault_Handler                         0x08002867   Thumb Code     2  stm32f10x_it.o(.text)
    UsageFault_Handler                       0x08002869   Thumb Code     2  stm32f10x_it.o(.text)
    SVC_Handler                              0x0800286b   Thumb Code     2  stm32f10x_it.o(.text)
    DebugMon_Handler                         0x0800286d   Thumb Code     2  stm32f10x_it.o(.text)
    PendSV_Handler                           0x0800286f   Thumb Code     2  stm32f10x_it.o(.text)
    SysTick_Handler                          0x08002871   Thumb Code    30  stm32f10x_it.o(.text)
    USART1_IRQHandler                        0x0800288f   Thumb Code     2  stm32f10x_it.o(.text)
    USART1_Config                            0x08002899   Thumb Code   114  bsp_usart1.o(.text)
    USART1_DMA_Config                        0x0800290b   Thumb Code    76  bsp_usart1.o(.text)
    fputc                                    0x08002957   Thumb Code    32  bsp_usart1.o(.text)
    fgetc                                    0x08002977   Thumb Code    26  bsp_usart1.o(.text)
    SPI_SendByte                             0x080029a1   Thumb Code    50  bsp_spi.o(.text)
    Spi_Write                                0x080029d3   Thumb Code    48  bsp_spi.o(.text)
    VD_FZ                                    0x08002a03   Thumb Code    76  bsp_spi.o(.text)
    SPI_SPI2_Config                          0x08002a4f   Thumb Code   160  bsp_spi.o(.text)
    MS_Config                                0x08002af9   Thumb Code    40  bsp_41908.o(.text)
    MS_Rest                                  0x08002b21   Thumb Code    98  bsp_41908.o(.text)
    MS_Int1                                  0x08002b83   Thumb Code   116  bsp_41908.o(.text)
    Variable_A                               0x08002bf7   Thumb Code    36  bsp_41908.o(.text)
    Variable_B                               0x08002c1b   Thumb Code    36  bsp_41908.o(.text)
    LED_Change_A                             0x08002c3f   Thumb Code    28  bsp_41908.o(.text)
    TIM2_NVIC_Configuration                  0x08002c61   Thumb Code    42  bsp_timbase.o(.text)
    TIM2_Configuration                       0x08002c8b   Thumb Code    84  bsp_timbase.o(.text)
    EXTI_IO_Config                           0x08002dbd   Thumb Code   158  bsp_exti.o(.text)
    __scatterload                            0x08002e65   Thumb Code    28  init.o(.text)
    __scatterload_rt2                        0x08002e65   Thumb Code     0  init.o(.text)
    __scatterload_copy                       0x08002e89   Thumb Code    14  handlers.o(i.__scatterload_copy)
    __scatterload_null                       0x08002e97   Thumb Code     2  handlers.o(i.__scatterload_null)
    __scatterload_zeroinit                   0x08002e99   Thumb Code    14  handlers.o(i.__scatterload_zeroinit)
    Region$$Table$$Base                      0x08002ea8   Number         0  anon$$obj.o(Region$$Table)
    Region$$Table$$Limit                     0x08002ec8   Number         0  anon$$obj.o(Region$$Table)
    SystemCoreClock                          0x20000000   Data           4  system_stm32f10x.o(.data)
    AHBPrescTable                            0x20000004   Data          16  system_stm32f10x.o(.data)
    Flag_AB1                                 0x20000028   Data           1  main.o(.data)
    Flag_AB2                                 0x20000029   Data           1  main.o(.data)
    PSUMAB_num                               0x2000002a   Data           1  main.o(.data)
    PSUMCD_num                               0x2000002b   Data           1  main.o(.data)
    flag_spd_change                          0x2000002c   Data           1  main.o(.data)
    Speed_AB                                 0x20000030   Data           4  main.o(.data)
    INCTAB_num                               0x20000034   Data           4  main.o(.data)
    INCTCD_num                               0x20000038   Data           4  main.o(.data)
    dir                                      0x2000003c   Data           2  main.o(.data)
    val_bttnC                                0x2000003e   Data           2  main.o(.data)
    flag_reverse                             0x20000040   Data           1  main.o(.data)
    led_1                                    0x20000041   Data           1  main.o(.data)
    led_2                                    0x20000042   Data           1  main.o(.data)
    EXTI_InitStructure                       0x20000044   Data           8  main.o(.data)
    Speed                                    0x2000004c   Data          40  stm32f10x_it.o(.data)
    Circle_number                            0x20000074   Data          10  stm32f10x_it.o(.data)
    LED                                      0x20000080   Data           8  stm32f10x_it.o(.data)
    Aperture_A                               0x20000088   Data           1  stm32f10x_it.o(.data)
    Aperture_B                               0x20000089   Data           1  stm32f10x_it.o(.data)
    SendBuff                                 0x20000090   Data         100  bsp_usart1.o(.bss)
    __initial_sp                             0x200004f8   Data           0  startup_stm32f10x_hd.o(STACK)



==============================================================================

Memory Map of the image

  Image Entry point : 0x08000131

  Load Region LR_IROM1 (Base: 0x08000000, Size: 0x00002f58, Max: 0x00010000, ABSOLUTE)

    Execution Region ER_IROM1 (Base: 0x08000000, Size: 0x00002ec8, Max: 0x00010000, ABSOLUTE)

    Base Addr    Size         Type   Attr      Idx    E Section Name        Object

    0x08000000   0x00000130   Data   RO            3    RESET               startup_stm32f10x_hd.o
    0x08000130   0x00000000   Code   RO          526  * .ARM.Collect$$$$00000000  mc_w.l(entry.o)
    0x08000130   0x00000004   Code   RO          529    .ARM.Collect$$$$00000001  mc_w.l(entry2.o)
    0x08000134   0x00000004   Code   RO          532    .ARM.Collect$$$$00000004  mc_w.l(entry5.o)
    0x08000138   0x00000000   Code   RO          534    .ARM.Collect$$$$00000008  mc_w.l(entry7b.o)
    0x08000138   0x00000000   Code   RO          536    .ARM.Collect$$$$0000000A  mc_w.l(entry8b.o)
    0x08000138   0x00000008   Code   RO          537    .ARM.Collect$$$$0000000B  mc_w.l(entry9a.o)
    0x08000140   0x00000000   Code   RO          539    .ARM.Collect$$$$0000000D  mc_w.l(entry10a.o)
    0x08000140   0x00000000   Code   RO          541    .ARM.Collect$$$$0000000F  mc_w.l(entry11a.o)
    0x08000140   0x00000004   Code   RO          530    .ARM.Collect$$$$00002712  mc_w.l(entry2.o)
    0x08000144   0x00000024   Code   RO            4    .text               startup_stm32f10x_hd.o
    0x08000168   0x000001e0   Code   RO           24    .text               system_stm32f10x.o
    0x08000348   0x000000dc   Code   RO           76    .text               misc.o
    0x08000424   0x00000254   Code   RO          197    .text               stm32f10x_dma.o
    0x08000678   0x0000011c   Code   RO          209    .text               stm32f10x_exti.o
    0x08000794   0x0000035c   Code   RO          251    .text               stm32f10x_gpio.o
    0x08000af0   0x000003a4   Code   RO          308    .text               stm32f10x_rcc.o
    0x08000e94   0x0000030c   Code   RO          352    .text               stm32f10x_spi.o
    0x080011a0   0x00000e1a   Code   RO          364    .text               stm32f10x_tim.o
    0x08001fba   0x00000002   PAD
    0x08001fbc   0x00000408   Code   RO          376    .text               stm32f10x_usart.o
    0x080023c4   0x0000049c   Code   RO          403    .text               main.o
    0x08002860   0x00000038   Code   RO          441    .text               stm32f10x_it.o
    0x08002898   0x00000108   Code   RO          460    .text               bsp_usart1.o
    0x080029a0   0x00000158   Code   RO          475    .text               bsp_spi.o
    0x08002af8   0x00000168   Code   RO          487    .text               bsp_41908.o
    0x08002c60   0x0000007e   Code   RO          499    .text               bsp_timbase.o
    0x08002cde   0x00000002   PAD
    0x08002ce0   0x00000184   Code   RO          514    .text               bsp_exti.o
    0x08002e64   0x00000024   Code   RO          543    .text               mc_w.l(init.o)
    0x08002e88   0x0000000e   Code   RO          547    i.__scatterload_copy  mc_w.l(handlers.o)
    0x08002e96   0x00000002   Code   RO          548    i.__scatterload_null  mc_w.l(handlers.o)
    0x08002e98   0x0000000e   Code   RO          549    i.__scatterload_zeroinit  mc_w.l(handlers.o)
    0x08002ea6   0x00000002   PAD
    0x08002ea8   0x00000020   Data   RO          545    Region$$Table       anon$$obj.o


    Execution Region RW_IRAM1 (Base: 0x20000000, Size: 0x000004f8, Max: 0x00005000, ABSOLUTE)

    Base Addr    Size         Type   Attr      Idx    E Section Name        Object

    0x20000000   0x00000014   Data   RW           25    .data               system_stm32f10x.o
    0x20000014   0x00000014   Data   RW          309    .data               stm32f10x_rcc.o
    0x20000028   0x00000024   Data   RW          404    .data               main.o
    0x2000004c   0x00000044   Data   RW          442    .data               stm32f10x_it.o
    0x20000090   0x00000064   Zero   RW          461    .bss                bsp_usart1.o
    0x200000f4   0x00000004   PAD
    0x200000f8   0x00000400   Zero   RW            1    STACK               startup_stm32f10x_hd.o


==============================================================================

Image component sizes


      Code (inc. data)   RO Data    RW Data    ZI Data      Debug   Object Name

       360          6          0          0          0       1599   bsp_41908.o
       388         10          0          0          0        897   bsp_exti.o
       344         10          0          0          0       1239   bsp_spi.o
       126          0          0          0          0        737   bsp_timbase.o
       264         16          0          0        100       1765   bsp_usart1.o
         0          0          0          0          0       4272   core_cm3.o
      1180         72          0         36          0      18752   main.o
       220         22          0          0          0       1813   misc.o
        36          8        304          0       1024        864   startup_stm32f10x_hd.o
       596          8          0          0          0       4342   stm32f10x_dma.o
       284         10          0          0          0       2247   stm32f10x_exti.o
       860         38          0          0          0       5657   stm32f10x_gpio.o
        56          8          0         68          0       2271   stm32f10x_it.o
       932         36          0         20          0       8832   stm32f10x_rcc.o
       780         14          0          0          0       6542   stm32f10x_spi.o
      3610         88          0          0          0      22144   stm32f10x_tim.o
      1032         22          0          0          0       8384   stm32f10x_usart.o
       480         38          0         20          0     269251   system_stm32f10x.o

    ----------------------------------------------------------------------
     11552        406        336        144       1128     361608   Object Totals
         0          0         32          0          0          0   (incl. Generated)
         4          0          0          0          4          0   (incl. Padding)

    ----------------------------------------------------------------------

      Code (inc. data)   RO Data    RW Data    ZI Data      Debug   Library Member Name

         0          0          0          0          0          0   entry.o
         0          0          0          0          0          0   entry10a.o
         0          0          0          0          0          0   entry11a.o
         8          4          0          0          0          0   entry2.o
         4          0          0          0          0          0   entry5.o
         0          0          0          0          0          0   entry7b.o
         0          0          0          0          0          0   entry8b.o
         8          4          0          0          0          0   entry9a.o
        30          0          0          0          0          0   handlers.o
        36          8          0          0          0         68   init.o

    ----------------------------------------------------------------------
        88         16          0          0          0         68   Library Totals
         2          0          0          0          0          0   (incl. Padding)

    ----------------------------------------------------------------------

      Code (inc. data)   RO Data    RW Data    ZI Data      Debug   Library Name

        86         16          0          0          0         68   mc_w.l

    ----------------------------------------------------------------------
        88         16          0          0          0         68   Library Totals

    ----------------------------------------------------------------------

==============================================================================


      Code (inc. data)   RO Data    RW Data    ZI Data      Debug   

     11640        422        336        144       1128     360372   Grand Totals
     11640        422        336        144       1128     360372   ELF Image Totals
     11640        422        336        144          0          0   ROM Totals

==============================================================================

    Total RO  Size (Code + RO Data)                11976 (  11.70kB)
    Total RW  Size (RW Data + ZI Data)              1272 (   1.24kB)
    Total ROM Size (Code + RO Data + RW Data)      12120 (  11.84kB)

==============================================================================

